// Jest Snapshot v1, https://goo.gl/fbAQLP

exports[`timeselect props test 1`] = `"<div><div class=\\"nut-overlay-fade-enter-active nut-overlay\\" style=\\"z-index: 1000; animation-duration: 0.3s;\\"></div><div style=\\"width: 100%; height: 20%; z-index: 1000; animation-duration: 0.3s;\\" class=\\"round nut-popup nut-popup-bottom \\"><div class=\\"nut-popup__close-icon nut-popup__close-icon--top-right\\"><svg class=\\"nut-icon nut-icon-Close\\" style=\\"width: 12px; height: 12px;\\" xmlns=\\"http://www.w3.org/2000/svg\\" viewBox=\\"0 0 1026 1024\\" aria-labelledby=\\"Close\\" role=\\"presentation\\"><path d=\\"M981.577 1024c-11.703 0-23.406-2.926-32.183-11.703L13.166 76.07c-14.629-17.555-14.629-46.812 0-64.366 17.554-14.629 46.811-14.629 64.365 0L1013.76 947.93c17.554 17.555 17.554 43.886 0 61.44-8.777 11.703-20.48 14.629-32.183 14.629zm-936.228 0c-11.703 0-23.406-2.926-32.183-11.703-17.555-17.554-17.555-43.886 0-61.44L949.394 14.63c17.555-17.555 43.886-17.555 61.44 0 17.555 17.554 17.555 43.885 0 61.44L74.606 1012.297C68.754 1021.074 57.05 1024 45.349 1024z\\" fill=\\"currentColor\\" fill-opacity=\\"0.9\\"></path></svg></div><div class=\\"nut-timeselect\\"><div class=\\"nut-timeselect__title\\">取件时间</div><div class=\\"nut-timeselect__content\\"><div class=\\"nut-timeselect__content-left\\"><div class=\\"nut-timepannel active\\">520</div><div class=\\"nut-timepannel\\">521</div></div><div class=\\"nut-timedetail\\"><span class=\\"nut-timedetail__item\\">09:00-10:00</span><span class=\\"nut-timedetail__item\\">10:00-11:00</span><span class=\\"nut-timedetail__item\\">11:00-12:00</span></div></div></div></div></div>"`;
