// Jest Snapshot v1, https://goo.gl/fbAQLP

exports[`should icon snapshot match 1`] = `
<DocumentFragment>
  <i
    class="nutui-iconfont nut-icon nut-icon-JD test"
    style="color: rgb(250, 44, 25); font-size: 24px; width: 24px; height: 24px;"
  />
</DocumentFragment>
`;
