// Jest Snapshot v1, https://goo.gl/fbAQLP

exports[`type test 1`] = `
<div>
  <div>
    <div
      class="nut-tag
    nut-tag--primary
    
    
    
    "
    >
      <span
        class="text"
      >
        TEST
      </span>
    </div>
  </div>
</div>
`;

