// Vitest Snapshot v1, https://vitest.dev/guide/snapshot.html

exports[`configprovider > should match snapshot 1`] = `
<div>
  <div
    class="nut-configprovider aa"
    style="margin: 8px;"
  >
    测试
  </div>
</div>
`;
