// Jest Snapshot v1, https://goo.gl/fbAQLP

exports[`prop title description extra 1`] = `
<div>
  <div
    class="nut-cell-group"
  >
    <div
      class="nut-cell-group__title"
    >
      链接 | 分组用法
    </div>
    <div
      class="nut-cell-group__wrap nut-cell-group__wrap--divider"
    >
      <div
        class="nut-cell"
        style="border-radius: 6px; align-items: flex-start;"
      >
        <div
          class="nut-cell__left"
        >
          <div
            class="nut-cell__title"
          >
            链接
          </div>
        </div>
        <div
          class="nut-cell__divider"
        />
      </div>
      <div
        class="nut-cell"
        style="border-radius: 6px; align-items: flex-start;"
      >
        <div
          class="nut-cell__left"
        >
          <div
            class="nut-cell__title"
          >
            URL 跳转
          </div>
        </div>
        <div
          class="nut-cell__extra"
        >
          https://jd.com
        </div>
        <div
          class="nut-cell__divider"
        />
      </div>
    </div>
  </div>
</div>
`;
