// Jest Snapshot v1, https://goo.gl/fbAQLP

exports[`should render slot correctly 1`] = `"<div class="nut-calendar-month"><div class="nut-calendar-month-title">2022年02月</div><div class="nut-calendar-days"><div class="nut-calendar-day nut-calendar-day-disabled"><div class="nut-calendar-day-day"><span>custom30</span></div><div class="nut-calendar-day-info-bottom"><span>下旬</span></div></div><div class="nut-calendar-day nut-calendar-day-disabled"><div class="nut-calendar-day-day"><span>custom31</span></div><div class="nut-calendar-day-info-bottom"><span>下旬</span></div></div><div class="nut-calendar-day "><div class="nut-calendar-day-day"><span>custom1</span></div><div class="nut-calendar-day-info-bottom"><span>上旬</span></div></div><div class="nut-calendar-day "><div class="nut-calendar-day-day"><span>custom2</span></div><div class="nut-calendar-day-info-bottom"><span>上旬</span></div></div><div class="nut-calendar-day "><div class="nut-calendar-day-day"><span>custom3</span></div><div class="nut-calendar-day-info-bottom"><span>上旬</span></div></div><div class="nut-calendar-day "><div class="nut-calendar-day-day"><span>custom4</span></div><div class="nut-calendar-day-info-bottom"><span>上旬</span></div></div><div class="nut-calendar-day "><div class="nut-calendar-day-day"><span>custom5</span></div><div class="nut-calendar-day-info-bottom"><span>上旬</span></div></div><div class="nut-calendar-day "><div class="nut-calendar-day-day"><span>custom6</span></div><div class="nut-calendar-day-info-bottom"><span>上旬</span></div></div><div class="nut-calendar-day "><div class="nut-calendar-day-day"><span>custom7</span></div><div class="nut-calendar-day-info-bottom"><span>上旬</span></div></div><div class="nut-calendar-day "><div class="nut-calendar-day-day"><span>custom8</span></div><div class="nut-calendar-day-info-bottom"><span>上旬</span></div></div><div class="nut-calendar-day "><div class="nut-calendar-day-day"><span>custom9</span></div><div class="nut-calendar-day-info-bottom"><span>上旬</span></div></div><div class="nut-calendar-day "><div class="nut-calendar-day-day"><span>custom10</span></div><div class="nut-calendar-day-info-bottom"><span>上旬</span></div></div><div class="nut-calendar-day "><div class="nut-calendar-day-day"><span>custom11</span></div><div class="nut-calendar-day-info-bottom"><span>下旬</span></div></div><div class="nut-calendar-day "><div class="nut-calendar-day-day"><span>custom12</span></div><div class="nut-calendar-day-info-bottom"><span>下旬</span></div></div><div class="nut-calendar-day "><div class="nut-calendar-day-day"><span>custom13</span></div><div class="nut-calendar-day-info-bottom"><span>下旬</span></div></div><div class="nut-calendar-day "><div class="nut-calendar-day-day"><span>custom14</span></div><div class="nut-calendar-day-info-bottom"><span>下旬</span></div></div><div class="nut-calendar-day "><div class="nut-calendar-day-day"><span>custom15</span></div><div class="nut-calendar-day-info-bottom"><span>下旬</span></div></div><div class="nut-calendar-day "><div class="nut-calendar-day-day"><span>custom16</span></div><div class="nut-calendar-day-info-bottom"><span>下旬</span></div></div><div class="nut-calendar-day "><div class="nut-calendar-day-day"><span>custom17</span></div><div class="nut-calendar-day-info-bottom"><span>下旬</span></div></div><div class="nut-calendar-day "><div class="nut-calendar-day-day"><span>custom18</span></div><div class="nut-calendar-day-info-bottom"><span>下旬</span></div></div><div class="nut-calendar-day "><div class="nut-calendar-day-day"><span>custom19</span></div><div class="nut-calendar-day-info-bottom"><span>下旬</span></div></div><div class="nut-calendar-day "><div class="nut-calendar-day-day"><span>custom20</span></div><div class="nut-calendar-day-info-bottom"><span>下旬</span></div></div><div class="nut-calendar-day "><div class="nut-calendar-day-day"><span>custom21</span></div><div class="nut-calendar-day-info-bottom"><span>下旬</span></div></div><div class="nut-calendar-day "><div class="nut-calendar-day-day"><span>custom22</span></div><div class="nut-calendar-day-info-bottom"><span>下旬</span></div></div><div class="nut-calendar-day "><div class="nut-calendar-day-day"><span>custom23</span></div><div class="nut-calendar-day-info-bottom"><span>下旬</span></div></div><div class="nut-calendar-day "><div class="nut-calendar-day-day"><span>custom24</span></div><div class="nut-calendar-day-info-bottom"><span>下旬</span></div></div><div class="nut-calendar-day "><div class="nut-calendar-day-day"><span>custom25</span></div><div class="nut-calendar-day-info-bottom"><span>下旬</span></div></div><div class="nut-calendar-day "><div class="nut-calendar-day-day"><span>custom26</span></div><div class="nut-calendar-day-info-bottom"><span>下旬</span></div></div><div class="nut-calendar-day "><div class="nut-calendar-day-day"><span>custom27</span></div><div class="nut-calendar-day-info-bottom"><span>下旬</span></div></div><div class="nut-calendar-day "><div class="nut-calendar-day-day"><span>custom28</span></div><div class="nut-calendar-day-info-bottom"><span>下旬</span></div></div></div></div><div class="nut-calendar-month"><div class="nut-calendar-month-title">2022年03月</div><div class="nut-calendar-days"><div class="nut-calendar-day nut-calendar-day-disabled"><div class="nut-calendar-day-day"><span>custom27</span></div><div class="nut-calendar-day-info-bottom"><span>下旬</span></div></div><div class="nut-calendar-day nut-calendar-day-disabled"><div class="nut-calendar-day-day"><span>custom28</span></div><div class="nut-calendar-day-info-bottom"><span>下旬</span></div></div><div class="nut-calendar-day "><div class="nut-calendar-day-day"><span>custom1</span></div><div class="nut-calendar-day-info-bottom"><span>上旬</span></div></div><div class="nut-calendar-day "><div class="nut-calendar-day-day"><span>custom2</span></div><div class="nut-calendar-day-info-bottom"><span>上旬</span></div></div><div class="nut-calendar-day "><div class="nut-calendar-day-day"><span>custom3</span></div><div class="nut-calendar-day-info-bottom"><span>上旬</span></div></div><div class="nut-calendar-day "><div class="nut-calendar-day-day"><span>custom4</span></div><div class="nut-calendar-day-info-bottom"><span>上旬</span></div></div><div class="nut-calendar-day "><div class="nut-calendar-day-day"><span>custom5</span></div><div class="nut-calendar-day-info-bottom"><span>上旬</span></div></div><div class="nut-calendar-day "><div class="nut-calendar-day-day"><span>custom6</span></div><div class="nut-calendar-day-info-bottom"><span>上旬</span></div></div><div class="nut-calendar-day "><div class="nut-calendar-day-day"><span>custom7</span></div><div class="nut-calendar-day-info-bottom"><span>上旬</span></div></div><div class="nut-calendar-day "><div class="nut-calendar-day-day"><span>custom8</span></div><div class="nut-calendar-day-info-bottom"><span>上旬</span></div></div><div class="nut-calendar-day "><div class="nut-calendar-day-day"><span>custom9</span></div><div class="nut-calendar-day-info-bottom"><span>上旬</span></div></div><div class="nut-calendar-day "><div class="nut-calendar-day-day"><span>custom10</span></div><div class="nut-calendar-day-info-bottom"><span>上旬</span></div></div><div class="nut-calendar-day "><div class="nut-calendar-day-day"><span>custom11</span></div><div class="nut-calendar-day-info-bottom"><span>下旬</span></div></div><div class="nut-calendar-day "><div class="nut-calendar-day-day"><span>custom12</span></div><div class="nut-calendar-day-info-bottom"><span>下旬</span></div></div><div class="nut-calendar-day "><div class="nut-calendar-day-day"><span>custom13</span></div><div class="nut-calendar-day-info-bottom"><span>下旬</span></div></div><div class="nut-calendar-day "><div class="nut-calendar-day-day"><span>custom14</span></div><div class="nut-calendar-day-info-bottom"><span>下旬</span></div></div><div class="nut-calendar-day "><div class="nut-calendar-day-day"><span>custom15</span></div><div class="nut-calendar-day-info-bottom"><span>下旬</span></div></div><div class="nut-calendar-day "><div class="nut-calendar-day-day"><span>custom16</span></div><div class="nut-calendar-day-info-bottom"><span>下旬</span></div></div><div class="nut-calendar-day "><div class="nut-calendar-day-day"><span>custom17</span></div><div class="nut-calendar-day-info-bottom"><span>下旬</span></div></div><div class="nut-calendar-day nut-calendar-day-active"><div class="nut-calendar-day-day"><span>custom18</span></div><div class="nut-calendar-day-info-bottom"><span>下旬</span></div></div><div class="nut-calendar-day "><div class="nut-calendar-day-day"><span>custom19</span></div><div class="nut-calendar-day-info-bottom"><span>下旬</span></div></div><div class="nut-calendar-day "><div class="nut-calendar-day-day"><span>custom20</span></div><div class="nut-calendar-day-info-bottom"><span>下旬</span></div></div><div class="nut-calendar-day "><div class="nut-calendar-day-day"><span>custom21</span></div><div class="nut-calendar-day-info-bottom"><span>下旬</span></div></div><div class="nut-calendar-day "><div class="nut-calendar-day-day"><span>custom22</span></div><div class="nut-calendar-day-info-bottom"><span>下旬</span></div></div><div class="nut-calendar-day "><div class="nut-calendar-day-day"><span>custom23</span></div><div class="nut-calendar-day-info-bottom"><span>下旬</span></div></div><div class="nut-calendar-day "><div class="nut-calendar-day-day"><span>custom24</span></div><div class="nut-calendar-day-info-bottom"><span>下旬</span></div></div><div class="nut-calendar-day "><div class="nut-calendar-day-day"><span>custom25</span></div><div class="nut-calendar-day-info-bottom"><span>下旬</span></div></div><div class="nut-calendar-day "><div class="nut-calendar-day-day"><span>custom26</span></div><div class="nut-calendar-day-info-bottom"><span>下旬</span></div></div><div class="nut-calendar-day "><div class="nut-calendar-day-day"><span>custom27</span></div><div class="nut-calendar-day-info-bottom"><span>下旬</span></div></div><div class="nut-calendar-day "><div class="nut-calendar-day-day"><span>custom28</span></div><div class="nut-calendar-day-info-bottom"><span>下旬</span></div></div><div class="nut-calendar-day "><div class="nut-calendar-day-day"><span>custom29</span></div><div class="nut-calendar-day-info-bottom"><span>下旬</span></div></div><div class="nut-calendar-day "><div class="nut-calendar-day-day"><span>custom30</span></div><div class="nut-calendar-day-info-bottom"><span>下旬</span></div></div><div class="nut-calendar-day "><div class="nut-calendar-day-day"><span>custom31</span></div><div class="nut-calendar-day-info-bottom"><span>下旬</span></div></div></div></div><div class="nut-calendar-month"><div class="nut-calendar-month-title">2022年04月</div><div class="nut-calendar-days"><div class="nut-calendar-day nut-calendar-day-disabled"><div class="nut-calendar-day-day"><span>custom27</span></div><div class="nut-calendar-day-info-bottom"><span>下旬</span></div></div><div class="nut-calendar-day nut-calendar-day-disabled"><div class="nut-calendar-day-day"><span>custom28</span></div><div class="nut-calendar-day-info-bottom"><span>下旬</span></div></div><div class="nut-calendar-day nut-calendar-day-disabled"><div class="nut-calendar-day-day"><span>custom29</span></div><div class="nut-calendar-day-info-bottom"><span>下旬</span></div></div><div class="nut-calendar-day nut-calendar-day-disabled"><div class="nut-calendar-day-day"><span>custom30</span></div><div class="nut-calendar-day-info-bottom"><span>下旬</span></div></div><div class="nut-calendar-day nut-calendar-day-disabled"><div class="nut-calendar-day-day"><span>custom31</span></div><div class="nut-calendar-day-info-bottom"><span>下旬</span></div></div><div class="nut-calendar-day "><div class="nut-calendar-day-day"><span>custom1</span></div><div class="nut-calendar-day-info-bottom"><span>上旬</span></div></div><div class="nut-calendar-day "><div class="nut-calendar-day-day"><span>custom2</span></div><div class="nut-calendar-day-info-bottom"><span>上旬</span></div></div><div class="nut-calendar-day "><div class="nut-calendar-day-day"><span>custom3</span></div><div class="nut-calendar-day-info-bottom"><span>上旬</span></div></div><div class="nut-calendar-day "><div class="nut-calendar-day-day"><span>custom4</span></div><div class="nut-calendar-day-info-bottom"><span>上旬</span></div></div><div class="nut-calendar-day "><div class="nut-calendar-day-day"><span>custom5</span></div><div class="nut-calendar-day-info-bottom"><span>上旬</span></div></div><div class="nut-calendar-day "><div class="nut-calendar-day-day"><span>custom6</span></div><div class="nut-calendar-day-info-bottom"><span>上旬</span></div></div><div class="nut-calendar-day "><div class="nut-calendar-day-day"><span>custom7</span></div><div class="nut-calendar-day-info-bottom"><span>上旬</span></div></div><div class="nut-calendar-day "><div class="nut-calendar-day-day"><span>custom8</span></div><div class="nut-calendar-day-info-bottom"><span>上旬</span></div></div><div class="nut-calendar-day "><div class="nut-calendar-day-day"><span>custom9</span></div><div class="nut-calendar-day-info-bottom"><span>上旬</span></div></div><div class="nut-calendar-day "><div class="nut-calendar-day-day"><span>custom10</span></div><div class="nut-calendar-day-info-bottom"><span>上旬</span></div></div><div class="nut-calendar-day "><div class="nut-calendar-day-day"><span>custom11</span></div><div class="nut-calendar-day-info-bottom"><span>下旬</span></div></div><div class="nut-calendar-day "><div class="nut-calendar-day-day"><span>custom12</span></div><div class="nut-calendar-day-info-bottom"><span>下旬</span></div></div><div class="nut-calendar-day "><div class="nut-calendar-day-day"><span>custom13</span></div><div class="nut-calendar-day-info-bottom"><span>下旬</span></div></div><div class="nut-calendar-day "><div class="nut-calendar-day-day"><span>custom14</span></div><div class="nut-calendar-day-info-bottom"><span>下旬</span></div></div><div class="nut-calendar-day "><div class="nut-calendar-day-day"><span>custom15</span></div><div class="nut-calendar-day-info-bottom"><span>下旬</span></div></div><div class="nut-calendar-day "><div class="nut-calendar-day-day"><span>custom16</span></div><div class="nut-calendar-day-info-bottom"><span>下旬</span></div></div><div class="nut-calendar-day "><div class="nut-calendar-day-day"><span>custom17</span></div><div class="nut-calendar-day-info-bottom"><span>下旬</span></div></div><div class="nut-calendar-day "><div class="nut-calendar-day-day"><span>custom18</span></div><div class="nut-calendar-day-info-bottom"><span>下旬</span></div></div><div class="nut-calendar-day "><div class="nut-calendar-day-day"><span>custom19</span></div><div class="nut-calendar-day-info-bottom"><span>下旬</span></div></div><div class="nut-calendar-day "><div class="nut-calendar-day-day"><span>custom20</span></div><div class="nut-calendar-day-info-bottom"><span>下旬</span></div></div><div class="nut-calendar-day "><div class="nut-calendar-day-day"><span>custom21</span></div><div class="nut-calendar-day-info-bottom"><span>下旬</span></div></div><div class="nut-calendar-day "><div class="nut-calendar-day-day"><span>custom22</span></div><div class="nut-calendar-day-info-bottom"><span>下旬</span></div></div><div class="nut-calendar-day "><div class="nut-calendar-day-day"><span>custom23</span></div><div class="nut-calendar-day-info-bottom"><span>下旬</span></div></div><div class="nut-calendar-day "><div class="nut-calendar-day-day"><span>custom24</span></div><div class="nut-calendar-day-info-bottom"><span>下旬</span></div></div><div class="nut-calendar-day "><div class="nut-calendar-day-day"><span>custom25</span></div><div class="nut-calendar-day-info-bottom"><span>下旬</span></div></div><div class="nut-calendar-day "><div class="nut-calendar-day-day"><span>custom26</span></div><div class="nut-calendar-day-info-bottom"><span>下旬</span></div></div><div class="nut-calendar-day "><div class="nut-calendar-day-day"><span>custom27</span></div><div class="nut-calendar-day-info-bottom"><span>下旬</span></div></div><div class="nut-calendar-day "><div class="nut-calendar-day-day"><span>custom28</span></div><div class="nut-calendar-day-info-bottom"><span>下旬</span></div></div><div class="nut-calendar-day "><div class="nut-calendar-day-day"><span>custom29</span></div><div class="nut-calendar-day-info-bottom"><span>下旬</span></div></div><div class="nut-calendar-day "><div class="nut-calendar-day-day"><span>custom30</span></div><div class="nut-calendar-day-info-bottom"><span>下旬</span></div></div></div></div><div class="nut-calendar-month"><div class="nut-calendar-month-title">2022年05月</div><div class="nut-calendar-days"><div class="nut-calendar-day "><div class="nut-calendar-day-day"><span>custom1</span></div><div class="nut-calendar-day-info-bottom"><span>上旬</span></div></div><div class="nut-calendar-day "><div class="nut-calendar-day-day"><span>custom2</span></div><div class="nut-calendar-day-info-bottom"><span>上旬</span></div></div><div class="nut-calendar-day "><div class="nut-calendar-day-day"><span>custom3</span></div><div class="nut-calendar-day-info-bottom"><span>上旬</span></div></div><div class="nut-calendar-day "><div class="nut-calendar-day-day"><span>custom4</span></div><div class="nut-calendar-day-info-bottom"><span>上旬</span></div></div><div class="nut-calendar-day "><div class="nut-calendar-day-day"><span>custom5</span></div><div class="nut-calendar-day-info-bottom"><span>上旬</span></div></div><div class="nut-calendar-day "><div class="nut-calendar-day-day"><span>custom6</span></div><div class="nut-calendar-day-info-bottom"><span>上旬</span></div></div><div class="nut-calendar-day "><div class="nut-calendar-day-day"><span>custom7</span></div><div class="nut-calendar-day-info-bottom"><span>上旬</span></div></div><div class="nut-calendar-day "><div class="nut-calendar-day-day"><span>custom8</span></div><div class="nut-calendar-day-info-bottom"><span>上旬</span></div></div><div class="nut-calendar-day "><div class="nut-calendar-day-day"><span>custom9</span></div><div class="nut-calendar-day-info-bottom"><span>上旬</span></div></div><div class="nut-calendar-day "><div class="nut-calendar-day-day"><span>custom10</span></div><div class="nut-calendar-day-info-bottom"><span>上旬</span></div></div><div class="nut-calendar-day "><div class="nut-calendar-day-day"><span>custom11</span></div><div class="nut-calendar-day-info-bottom"><span>下旬</span></div></div><div class="nut-calendar-day "><div class="nut-calendar-day-day"><span>custom12</span></div><div class="nut-calendar-day-info-bottom"><span>下旬</span></div></div><div class="nut-calendar-day "><div class="nut-calendar-day-day"><span>custom13</span></div><div class="nut-calendar-day-info-bottom"><span>下旬</span></div></div><div class="nut-calendar-day "><div class="nut-calendar-day-day"><span>custom14</span></div><div class="nut-calendar-day-info-bottom"><span>下旬</span></div></div><div class="nut-calendar-day "><div class="nut-calendar-day-day"><span>custom15</span></div><div class="nut-calendar-day-info-bottom"><span>下旬</span></div></div><div class="nut-calendar-day "><div class="nut-calendar-day-day"><span>custom16</span></div><div class="nut-calendar-day-info-bottom"><span>下旬</span></div></div><div class="nut-calendar-day "><div class="nut-calendar-day-day"><span>custom17</span></div><div class="nut-calendar-day-info-bottom"><span>下旬</span></div></div><div class="nut-calendar-day "><div class="nut-calendar-day-day"><span>custom18</span></div><div class="nut-calendar-day-info-bottom"><span>下旬</span></div></div><div class="nut-calendar-day "><div class="nut-calendar-day-day"><span>custom19</span></div><div class="nut-calendar-day-info-bottom"><span>下旬</span></div></div><div class="nut-calendar-day "><div class="nut-calendar-day-day"><span>custom20</span></div><div class="nut-calendar-day-info-bottom"><span>下旬</span></div></div><div class="nut-calendar-day "><div class="nut-calendar-day-day"><span>custom21</span></div><div class="nut-calendar-day-info-bottom"><span>下旬</span></div></div><div class="nut-calendar-day "><div class="nut-calendar-day-day"><span>custom22</span></div><div class="nut-calendar-day-info-bottom"><span>下旬</span></div></div><div class="nut-calendar-day "><div class="nut-calendar-day-day"><span>custom23</span></div><div class="nut-calendar-day-info-bottom"><span>下旬</span></div></div><div class="nut-calendar-day "><div class="nut-calendar-day-day"><span>custom24</span></div><div class="nut-calendar-day-info-bottom"><span>下旬</span></div></div><div class="nut-calendar-day "><div class="nut-calendar-day-day"><span>custom25</span></div><div class="nut-calendar-day-info-bottom"><span>下旬</span></div></div><div class="nut-calendar-day "><div class="nut-calendar-day-day"><span>custom26</span></div><div class="nut-calendar-day-info-bottom"><span>下旬</span></div></div><div class="nut-calendar-day "><div class="nut-calendar-day-day"><span>custom27</span></div><div class="nut-calendar-day-info-bottom"><span>下旬</span></div></div><div class="nut-calendar-day "><div class="nut-calendar-day-day"><span>custom28</span></div><div class="nut-calendar-day-info-bottom"><span>下旬</span></div></div><div class="nut-calendar-day "><div class="nut-calendar-day-day"><span>custom29</span></div><div class="nut-calendar-day-info-bottom"><span>下旬</span></div></div><div class="nut-calendar-day "><div class="nut-calendar-day-day"><span>custom30</span></div><div class="nut-calendar-day-info-bottom"><span>下旬</span></div></div><div class="nut-calendar-day "><div class="nut-calendar-day-day"><span>custom31</span></div><div class="nut-calendar-day-info-bottom"><span>下旬</span></div></div></div></div>"`;
