// Jest Snapshot v1, https://goo.gl/fbAQLP

exports[`should only render title 1`] = `"<div class="nut-tabbar"><div class="nut-tabbar-wrap"><div class="nut-tabbar-item nut-tabbar-item-active" style="color: blue;"><div class="nut-badge"><div class="nut-tabbar-item-icon-box nut-tabbar-item-icon-box-nav nut-tabbar-item-icon-box-large">首页</div><div class="nut-badge-content nut-badge-sup" style="top: 0px; right: 5px; background: blue;">11</div></div></div><div class="nut-tabbar-item" style="color: grey;"><div class="nut-badge"><div class="nut-tabbar-item-icon-box nut-tabbar-item-icon-box-nav nut-tabbar-item-icon-box-large">分类</div><div class="nut-badge-content" style="top: 0px; right: 5px; background: blue;"></div></div></div><div class="nut-tabbar-item" style="color: grey;"><div class="nut-badge"><div class="nut-tabbar-item-icon-box nut-tabbar-item-icon-box-nav nut-tabbar-item-icon-box-large">发现</div><div class="nut-badge-content" style="top: 0px; right: 5px; background: blue;"></div></div></div></div></div>"`;

exports[`should render fixed element when using bottom prop 1`] = `"<div class="nut-tabbar nut-tabbar-fixed"><div class="nut-tabbar-wrap"><div class="nut-tabbar-item nut-tabbar-item-active"><div class="nut-badge"><div class="nut-tabbar-item-icon-box"><svg class="nut-icon nut-icon-Home " style="width: 20px; height: 20px;" xmlns="http://www.w3.org/2000/svg" viewBox="0 0 1024 1024" aria-labelledby="Home" role="presentation"><path d="M761.44 1024H262.56c-131.28 0-236.31-105.03-236.3-236.31V404.35c0-52.51 26.26-102.4 68.26-131.28L467.36 21.01c26.26-18.38 60.39-18.38 89.28 0l372.84 252.06c42.01 28.88 68.27 78.77 68.26 131.28v383.34c0 131.28-105.03 236.31-236.3 236.31zM139.16 338.71c-21 15.75-34.13 39.38-34.13 65.64v383.34c0 86.65 70.89 157.54 157.53 157.54h498.88c86.65 0 157.54-70.89 157.53-157.54V404.35c0-26.26-13.13-49.89-34.13-65.64L512 86.65 139.16 338.71zm451.61 396.47H433.23c-21 0-39.38-18.38-39.38-39.38s18.38-39.38 39.38-39.39h157.54c21 0 39.38 18.38 39.38 39.39s-18.38 39.38-39.38 39.38z" fill="currentColor" fill-opacity="0.9"></path></svg></div><div class="nut-badge-content" style="top: 0px; right: 5px;"></div></div><div class="nut-tabbar-item-icon-box nut-tabbar-item-icon-box-nav">首页</div></div><div class="nut-tabbar-item"><div class="nut-badge"><div class="nut-tabbar-item-icon-box"><svg class="nut-icon nut-icon-Category " style="width: 20px; height: 20px;" xmlns="http://www.w3.org/2000/svg" viewBox="0 0 1024 1024" aria-labelledby="Category" role="presentation"><path d="M298.67 170.67a128 128 0 1 1-256 0 128 128 0 0 1 256 0zm-85.34 0a42.67 42.67 0 1 0-85.33 0 42.67 42.67 0 0 0 85.33 0zm85.34 682.66a128 128 0 1 1-256 0 128 128 0 0 1 256 0zm-85.34 0a42.67 42.67 0 1 0-85.33 0 42.67 42.67 0 0 0 85.33 0zM170.67 640a128 128 0 1 0 0-256 128 128 0 0 0 0 256zm0-85.33a42.67 42.67 0 1 1 0-85.34 42.67 42.67 0 0 1 0 85.34zm256-426.67a42.67 42.67 0 1 0 0 85.33h512a42.67 42.67 0 1 0 0-85.33h-512zM384 512a42.67 42.67 0 0 1 42.67-42.67h512a42.67 42.67 0 1 1 0 85.34h-512A42.67 42.67 0 0 1 384 512zm42.67 298.67a42.67 42.67 0 1 0 0 85.33h512a42.67 42.67 0 1 0 0-85.33h-512z" fill="currentColor" fill-opacity="0.9"></path></svg></div><div class="nut-badge-content" style="top: 0px; right: 5px;"></div></div><div class="nut-tabbar-item-icon-box nut-tabbar-item-icon-box-nav">分类</div></div></div><div class="nut-tabbar-safe-area"></div></div>"`;
