// Jest Snapshot v1, https://goo.gl/fbAQLP

exports[`size prop 1`] = `
<div>
  <div
    class="nut-avatar-group"
  />
</div>
`;
