// Jest Snapshot v1, https://goo.gl/fbAQLP

exports[`should render placeholder element when using placeholder prop 1`] = `"<div class=\\"nut-navbar nut-navbar--fixed\\" style=\\"z-index: 10;\\"><div class=\\"nut-navbar__left\\"><i class=\\" nutui-iconfont nut-icon nutui-icon nut-icon-left \\" style=\\"color: rgb(151, 151, 151);\\"></i></div><div class=\\"nut-navbar__title\\"><div class=\\"title\\">订单详情</div></div><div class=\\"nut-navbar__right\\"></div></div>"`;
