// Vitest Snapshot v1, https://vitest.dev/guide/snapshot.html

exports[`rollup > basic.js 1`] = `
"// basic.js
// unplugin-starter injected
const num = 10;

export { num };
"
`;
