// Vitest Snapshot v1, https://vitest.dev/guide/snapshot.html

exports[`should match snapshot 1`] = `
<DocumentFragment>
  <div
    class="nut-indicator"
  >
    <div
      class="nut-indicator-dot"
    />
    <div
      class="nut-indicator-dot"
    />
    <div
      class="nut-indicator-dot"
    />
  </div>
</DocumentFragment>
`;
