// Jest Snapshot v1, https://goo.gl/fbAQLP

exports[`textarea props test 1`] = `
<div>
  <div
    class="nut-textarea"
  >
    <textarea
      class="nut-textarea__textarea"
      maxlength="20"
      placeholder="请输入内容"
      rows="2"
    >
      基础用法
    </textarea>
    <div
      class="nut-textarea__limit"
    >
      4
      /
      20
    </div>
  </div>
</div>
`;
