// Jest Snapshot v1, https://goo.gl/fbAQLP

exports[`props test 1`] = `"<div class=\\"nut-signature test-signature\\"><div class=\\"nut-signature__inner\\"><canvas height=\\"0\\" width=\\"0\\"></canvas></div></div>"`;
