// Jest Snapshot v1, https://goo.gl/fbAQLP

exports[`Address: exist defaultIcon & selectIcon 1`] = `"<div class="nut-overlay" style="--nutui-overlay-zIndex: 1000;"></div><div style="z-index: 1000;" class="round nut-popup nut-popup-bottom "><div class="nut-popup-title">请选择地址</div><div class="nut-popup__close-icon nut-popup__close-icon--top-right"><svg class="nut-icon nut-icon-Close " style="width: 12px; height: 12px;" xmlns="http://www.w3.org/2000/svg" viewBox="0 0 1024 1024" aria-labelledby="Close" role="presentation"><path d="M865.83 926.17a42.67 42.67 0 1 0 60.36-60.34L572.35 512l353.84-353.83a42.67 42.67 0 0 0-60.36-60.34L512 451.67 158.19 97.83a42.67 42.67 0 0 0-60.36 60.34L451.67 512 97.83 865.83a42.67 42.67 0 1 0 60.34 60.34L512 572.33l353.83 353.84z" fill="currentColor" fill-opacity="0.9"></path></svg></div><div class="nut-address "><ul class="nut-address-exist"><li class="nut-address-exist-item "><div class="default">123</div><div class="nut-address-exist-item-info"><div>探探鱼</div><div>182****1718</div><div>北京市次渠镇通州区</div></div></li><li class="nut-address-exist-item "><div class="default">123</div><div class="nut-address-exist-item-info"><div>探探鱼</div><div>182****1718</div><div>钓鱼岛钓鱼岛全区</div></div></li><li class="nut-address-exist-item active"><div class="select">456</div><div class="nut-address-exist-item-info"><div>探探鱼</div><div>182****1718</div><div>北京市大兴区科创十一街18号院京东大厦</div></div></li></ul></div></div>"`;

exports[`Address: show custom 1`] = `"<div class="nut-overlay" style="--nutui-overlay-zIndex: 1000;"></div><div style="z-index: 1000;" class="round nut-popup nut-popup-bottom "><div class="nut-popup-left-icon"></div><div class="nut-popup-title">选择地址</div><div class="nut-popup__close-icon nut-popup__close-icon--top-right"><svg class="nut-icon nut-icon-Close " style="width: 12px; height: 12px;" xmlns="http://www.w3.org/2000/svg" viewBox="0 0 1024 1024" aria-labelledby="Close" role="presentation"><path d="M865.83 926.17a42.67 42.67 0 1 0 60.36-60.34L572.35 512l353.84-353.83a42.67 42.67 0 0 0-60.36-60.34L512 451.67 158.19 97.83a42.67 42.67 0 0 0-60.36 60.34L451.67 512 97.83 865.83a42.67 42.67 0 1 0 60.34 60.34L512 572.33l353.83 353.84z" fill="currentColor" fill-opacity="0.9"></path></svg></div><div class="nut-cascader "><div class="nut-tabs nut-tabs--horizontal" value="c1"><div class="nut-tabs__titles nut-tabs__titles--line nut-tabs__titles--scrollable"><div class="nut-tabs__titles-item nut-tabs__titles-item--active"><span class="nut-tabs__titles-item__text">请选择</span><span class="nut-tabs__titles-item__line"></span></div></div><div class="nut-tabs__content__wrap"><div class="nut-tabs__content" style="transform: translate3d(--100%, 0, 0); transition-duration: 300ms;"><div class="nut-tabpane active"><div class="nut-cascader-pane"><div class="nut-cascader-item"><div class="nut-cascader-item__title">浙江</div></div><div class="disabled nut-cascader-item"><div class="nut-cascader-item__title">湖南</div></div><div class="nut-cascader-item"><div class="nut-cascader-item__title">福建</div></div></div></div></div></div></div></div></div>"`;

exports[`Address: show exist 1`] = `"<div class="nut-overlay" style="--nutui-overlay-zIndex: 1000;"></div><div style="z-index: 1000;" class="round nut-popup nut-popup-bottom "><div class="nut-popup-title">选择地址</div><div class="nut-popup__close-icon nut-popup__close-icon--top-right"><svg class="nut-icon nut-icon-Close " style="width: 12px; height: 12px;" xmlns="http://www.w3.org/2000/svg" viewBox="0 0 1024 1024" aria-labelledby="Close" role="presentation"><path d="M865.83 926.17a42.67 42.67 0 1 0 60.36-60.34L572.35 512l353.84-353.83a42.67 42.67 0 0 0-60.36-60.34L512 451.67 158.19 97.83a42.67 42.67 0 0 0-60.36 60.34L451.67 512 97.83 865.83a42.67 42.67 0 1 0 60.34 60.34L512 572.33l353.83 353.84z" fill="currentColor" fill-opacity="0.9"></path></svg></div><div class="nut-address "><ul class="nut-address-exist"><li class="nut-address-exist-item active"><svg class="nut-icon nut-icon-Check " xmlns="http://www.w3.org/2000/svg" color="#FA2C19" viewBox="0 0 1024 1024" aria-labelledby="Check" role="presentation"><path d="M998.4 245.03c-219.43 153.6-398.63 332.8-552.23 552.23-40.23 58.51-128 54.86-164.57-3.66-69.49-106.06-149.94-186.51-256-256-51.2-32.91-18.29-113.37 40.23-98.74 117.03 21.94 208.46 69.49 292.57 146.28 157.26-190.17 358.4-340.11 588.8-435.2 62.17-25.6 106.06 58.51 51.2 95.09" fill="currentColor" fill-opacity="0.9"></path></svg><div class="nut-address-exist-item-info"><div>探探鱼</div><div>182****1718</div><div>北京市次渠镇通州区</div></div></li><li class="nut-address-exist-item "><svg class="nut-icon nut-icon-Location " xmlns="http://www.w3.org/2000/svg" viewBox="0 0 1024 1024" aria-labelledby="Location" role="presentation"><path d="M682.67 470.04c0 94.4-76.42 170.94-170.67 170.94s-170.67-76.54-170.67-170.94S417.75 299.12 512 299.11s170.67 76.52 170.67 170.93zm-85.34 0A85.4 85.4 0 0 0 512 384.58c-47.15 0-85.33 38.27-85.33 85.46A85.4 85.4 0 0 0 512 555.5c47.15 0 85.33-38.25 85.33-85.46z" fill="currentColor" fill-opacity="0.9"></path>,<path d="M981.33 470.04c0 277.76-312.75 465.73-464.15 552.53a10.22 10.22 0 0 1-10.36 0C355.42 935.79 42.67 747.82 42.67 470.06 42.67 210.45 252.8 0 512 0s469.33 210.45 469.33 470.04zm-85.33 0c0-212.39-171.93-384.58-384-384.58S128 257.64 128 470.04c0 106.24 60.52 202.73 151.85 288.85 74.6 70.4 161.98 126.46 232.15 167.89 70.19-41.43 157.55-97.49 232.15-167.89C835.46 672.77 896 576.28 896 470.04z" fill="currentColor" fill-opacity="0.9"></path></svg><div class="nut-address-exist-item-info"><div>探探鱼</div><div>182****1718</div><div>钓鱼岛钓鱼岛全区</div></div></li><li class="nut-address-exist-item "><svg class="nut-icon nut-icon-Location " xmlns="http://www.w3.org/2000/svg" viewBox="0 0 1024 1024" aria-labelledby="Location" role="presentation"><path d="M682.67 470.04c0 94.4-76.42 170.94-170.67 170.94s-170.67-76.54-170.67-170.94S417.75 299.12 512 299.11s170.67 76.52 170.67 170.93zm-85.34 0A85.4 85.4 0 0 0 512 384.58c-47.15 0-85.33 38.27-85.33 85.46A85.4 85.4 0 0 0 512 555.5c47.15 0 85.33-38.25 85.33-85.46z" fill="currentColor" fill-opacity="0.9"></path>,<path d="M981.33 470.04c0 277.76-312.75 465.73-464.15 552.53a10.22 10.22 0 0 1-10.36 0C355.42 935.79 42.67 747.82 42.67 470.06 42.67 210.45 252.8 0 512 0s469.33 210.45 469.33 470.04zm-85.33 0c0-212.39-171.93-384.58-384-384.58S128 257.64 128 470.04c0 106.24 60.52 202.73 151.85 288.85 74.6 70.4 161.98 126.46 232.15 167.89 70.19-41.43 157.55-97.49 232.15-167.89C835.46 672.77 896 576.28 896 470.04z" fill="currentColor" fill-opacity="0.9"></path></svg><div class="nut-address-exist-item-info"><div>探探鱼</div><div>182****1718</div><div>北京市大兴区科创十一街18号院京东大厦</div></div></li></ul></div></div>"`;
